17:05:51.204 [main] INFO  com.datapi.Listeners.TestListeners - Test Suite started
17:05:51.274 [main] INFO  com.datapi.Listeners.TestListeners - Test started!! loginTest
17:05:51.275 [main] INFO  com.datapi.Listeners.TestListeners - Test description!! verify login API test is working fine
17:05:52.720 [main] INFO  com.datapi.Filters.LoggingFilter - ➡️ Request URI     : http://64.227.160.186:8080/api/auth/login
17:05:52.722 [main] INFO  com.datapi.Filters.LoggingFilter - ➡️ Request Method  : POST
17:05:52.723 [main] INFO  com.datapi.Filters.LoggingFilter - ➡️ Request Headers : Accept=*/*
Content-Type=application/json
17:05:52.724 [main] INFO  com.datapi.Filters.LoggingFilter - ➡️ Request Body    : {"username":"SMTest","password":"Test@1234"}
17:05:54.023 [main] INFO  com.datapi.Filters.LoggingFilter - ⬅️ Status Code     : 200
17:05:54.023 [main] INFO  com.datapi.Filters.LoggingFilter - ⬅️ Response Headers: Vary=Origin
Vary=Access-Control-Request-Method
Vary=Access-Control-Request-Headers
Access-Control-Allow-Origin=https://swift.techwithjatin.com
Access-Control-Allow-Methods=GET, POST, PUT, DELETE, OPTIONS
Access-Control-Max-Age=3600
Access-Control-Allow-Headers=Authorization, Content-Type, Accept
Access-Control-Allow-Credentials=true
X-Content-Type-Options=nosniff
X-XSS-Protection=0
Cache-Control=no-cache, no-store, max-age=0, must-revalidate
Pragma=no-cache
Expires=0
X-Frame-Options=DENY
Content-Type=application/json
Transfer-Encoding=chunked
Date=Mon, 28 Jul 2025 11:35:59 GMT
Keep-Alive=timeout=60
Connection=keep-alive
17:05:54.079 [main] INFO  com.datapi.Filters.LoggingFilter - ⬅️ Response Body   : {
    "token": "eyJhbGciOiJIUzI1NiJ9.eyJzdWIiOiJTTVRlc3QiLCJpYXQiOjE3NTM3MDI1NTksImV4cCI6MTc1MzcwNjE1OX0.ZzenETHEL9J9hVnPq-abMc91e8XFn7OqVjPQmNsbKsg",
    "type": "Bearer",
    "id": 2215,
    "username": "SMTest",
    "email": "SMtest@gmail.com",
    "roles": [
        "ROLE_USER"
    ]
}
17:05:54.173 [main] INFO  com.datapi.Listeners.TestListeners - Test Passed!! loginTest
17:05:54.174 [main] INFO  com.datapi.Listeners.TestListeners - Test description!! verify login API test is working fine
17:05:54.180 [main] INFO  com.datapi.Listeners.TestListeners - Test Suite Completed
19:26:17.579 [main] INFO  com.datapi.Listeners.TestListeners - Test Suite started
19:26:17.723 [main] INFO  com.datapi.Listeners.TestListeners - Test started!! loginTest
19:26:17.724 [main] INFO  com.datapi.Listeners.TestListeners - Test description!! verify login API test is working fine
19:26:18.706 [main] INFO  com.datapi.Filters.LoggingFilter - ?? Request URI     : http://64.227.160.186:8080/api/auth/login
19:26:18.707 [main] INFO  com.datapi.Filters.LoggingFilter - ?? Request Method  : POST
19:26:18.707 [main] INFO  com.datapi.Filters.LoggingFilter - ?? Request Headers : Accept=*/*
Content-Type=application/json
19:26:18.708 [main] INFO  com.datapi.Filters.LoggingFilter - ?? Request Body    : {"username":"SMTest","password":"Test@1234"}
19:26:19.696 [main] INFO  com.datapi.Filters.LoggingFilter - ?? Status Code     : 200
19:26:19.696 [main] INFO  com.datapi.Filters.LoggingFilter - ?? Response Headers: Vary=Origin
Vary=Access-Control-Request-Method
Vary=Access-Control-Request-Headers
Access-Control-Allow-Origin=https://swift.techwithjatin.com
Access-Control-Allow-Methods=GET, POST, PUT, DELETE, OPTIONS
Access-Control-Max-Age=3600
Access-Control-Allow-Headers=Authorization, Content-Type, Accept
Access-Control-Allow-Credentials=true
X-Content-Type-Options=nosniff
X-XSS-Protection=0
Cache-Control=no-cache, no-store, max-age=0, must-revalidate
Pragma=no-cache
Expires=0
X-Frame-Options=DENY
Content-Type=application/json
Transfer-Encoding=chunked
Date=Mon, 28 Jul 2025 13:56:19 GMT
Keep-Alive=timeout=60
Connection=keep-alive
19:26:19.739 [main] INFO  com.datapi.Filters.LoggingFilter - ?? Response Body   : {
    "token": "eyJhbGciOiJIUzI1NiJ9.eyJzdWIiOiJTTVRlc3QiLCJpYXQiOjE3NTM3MTA5NzksImV4cCI6MTc1MzcxNDU3OX0.UfkiBgg4EkxvVOSrY4YU95qtB37Pkc5o2Vx9lPamh6I",
    "type": "Bearer",
    "id": 2215,
    "username": "SMTest",
    "email": "SMtest@gmail.com",
    "roles": [
        "ROLE_USER"
    ]
}
19:26:19.797 [main] INFO  com.datapi.Listeners.TestListeners - Test Passed!! loginTest
19:26:19.798 [main] INFO  com.datapi.Listeners.TestListeners - Test description!! verify login API test is working fine
19:26:19.833 [main] INFO  com.datapi.Listeners.TestListeners - Test Suite Completed
